## Accessing and Using Guest Shell

Now we have enabled the Guest Shell we can access your guestshell and sudo to root permissions. 
Linux commands can be run directly from the IOS CLI 

The 'guestshell run' executes or runs a Linux programin the Guest Shell
```
guestshellrun *linux-executable*
```

```
device-xe#guestshell run ?
  LINE  Linux executable command string, eg: bash, python

device-xe#guestshell run
device-xe#guestshell run pwd
/home/guestshell
```
Here we can run bash, the following starts a Bash shell to access the GuestShell. From here we can run bash commands such as 'ls' (list) and ping.

```
device-xe#guestshell run bash

[guestshell@guestshell ~]$ ls -l
total 0
[guestshell@guestshell ~]$ ping 8.8.8.8
PING 8.8.8.8 (8.8.8.8) 56(84) bytes of data.
64 bytes from 8.8.8.8: icmp_seq=2 ttl=62 time=70.5 ms
64 bytes from 8.8.8.8: icmp_seq=3 ttl=62 time=70.1 ms
^C
--- 8.8.8.8 ping statistics ---
3 packets transmitted, 2 received, 33% packet loss, time 2008ms
rtt min/avg/max/mdev = 70.108/70.345/70.583/0.356 ms
[guestshell@guestshell ~]$

```
The following example displays system statistics:

```
[guestshell@guestshell ~]$ cat /proc/meminfo
MemTotal:        8057748 kB
MemFree:         3023540 kB
Buffers:          290228 kB
Cached:          3079384 kB
SwapCached:            0 kB
Active:          2451280 kB
Inactive:        2197268 kB
Active(anon):    1309288 kB
Inactive(anon):   114792 kB
Active(file):    1141992 kB
Inactive(file):  2082476 kB
Unevictable:           0 kB
Mlocked:               0 kB
SwapTotal:             0 kB
SwapFree:              0 kB
Dirty:               288 kB
Writeback:             0 kB
AnonPages:       1278984 kB
Mapped:           814776 kB
Shmem:            145144 kB
Slab:             201752 kB
SReclaimable:     130688 kB
SUnreclaim:        71064 kB
KernelStack:        2776 kB
PageTables:        54816 kB
NFS_Unstable:          0 kB
Bounce:                0 kB
WritebackTmp:          0 kB
CommitLimit:     4028872 kB
Committed_AS:    5530084 kB
VmallocTotal:   34359738367 kB
VmallocUsed:      532968 kB
VmallocChunk:   34359199228 kB
HugePages_Total:       0
HugePages_Free:        0
HugePages_Rsvd:        0
HugePages_Surp:        0
Hugepagesize:       2048 kB
DirectMap4k:       15964 kB
DirectMap2M:     8331264 kB
```
The Linux environment can be customized by editing .bashrc or .bash_profile

- DNS resolution within Guest Shell independent of host platform
- IOS XE configures name-server within guestshell enable
- NX-OS must explicitly configure within /etc/resolv.conf
- Any required proxies must be configured on both IOS XE and NX-OS

This is how you would configured a DNS configuration for Guest Shell:
```
[guestshell@guestshell~]$ cat/etc/resolv.conf
nameserver 192.0.2.1

OtherOptions:
[guestshell@guestshell~]$ cat/etc/resolv.conf
domain cisco.com
search cisco.com
nameserver192.0.2.1
search cisco.com
nameserver 198.51.100.1
nameserver 172.16.0.6
domain cisco.com
nameserver 192.0.2.1
nameserver 172.16.0.6
nameserver 192.168.255.254
```

